[htmldemo.net/mirora/mirora/index.html]
[htmldemo.net/mirora/mirora/assets/img/favicon.ico]
[htmldemo.net/mirora/mirora/assets/img/icon.png]
[backblue.gif]
[fade.gif]
[index.html]
[htmldemo.net/mirora/mirora/assets/css/bootstrap.css]
[htmldemo.net/mirora/mirora/assets/css/font-awesome.min.css]
[htmldemo.net/mirora/mirora/assets/css/elegent-icons.css]
[htmldemo.net/mirora/mirora/assets/css/plugins.css]
[htmldemo.net/mirora/mirora/assets/css/main.css]
[htmldemo.net/mirora/mirora/assets/js/vendor/modernizr-2.8.3.min.js]
[htmldemo.net/mirora/mirora/assets/img/header/1.jpg]
[htmldemo.net/mirora/mirora/assets/img/header/2.jpg]
[htmldemo.net/mirora/mirora/login-register.html]
[htmldemo.net/mirora/mirora/assets/img/icons/icon_phone.png]
[htmldemo.net/mirora/mirora/assets/img/logo/logo.png]
[htmldemo.net/mirora/mirora/wishlist.html]
[htmldemo.net/mirora/mirora/assets/img/products/1-1-450x450.jpg]
[htmldemo.net/mirora/mirora/product-details.html]
[htmldemo.net/mirora/mirora/assets/img/products/2-2-450x450.jpg]
[htmldemo.net/mirora/mirora/cart.html]
[htmldemo.net/mirora/mirora/checkout.html]
[htmldemo.net/mirora/mirora/index-3.html]
[htmldemo.net/mirora/mirora/index-2.html]
[htmldemo.net/mirora/mirora/shop.html]
[htmldemo.net/mirora/mirora/shop-right-sidebar.html]
[htmldemo.net/mirora/mirora/index-4.html]
[htmldemo.net/mirora/mirora/shop-fullwidth.html]
[htmldemo.net/mirora/mirora/shop-fullwidth-4-column.html]
[htmldemo.net/mirora/mirora/shop-list-right-sidebar.html]
[htmldemo.net/mirora/mirora/shop-list-left-sidebar.html]
[htmldemo.net/mirora/mirora/shop-list.html]
[htmldemo.net/mirora/mirora/product-details-variable.html]
[htmldemo.net/mirora/mirora/product-details-group.html]
[htmldemo.net/mirora/mirora/product-details-affiliate.html]
[htmldemo.net/mirora/mirora/product-details-tab-style-2.html]
[htmldemo.net/mirora/mirora/product-details-tab-style-3.html]
[htmldemo.net/mirora/mirora/product-details-sticky-left.html]
[htmldemo.net/mirora/mirora/product-details-sticky-right.html]
[htmldemo.net/mirora/mirora/product-details-gallery-left.html]
[htmldemo.net/mirora/mirora/product-details-gallery-right.html]
[htmldemo.net/mirora/mirora/product-details-slider-box.html]
[htmldemo.net/mirora/mirora/product-details-slider-full-width.html]
[htmldemo.net/mirora/mirora/blog.html]
[htmldemo.net/mirora/mirora/blog-right-sidebar.html]
[htmldemo.net/mirora/mirora/blog-3-column.html]
[htmldemo.net/mirora/mirora/blog-4-column.html]
[htmldemo.net/mirora/mirora/blog-list.html]
[htmldemo.net/mirora/mirora/blog-list-left-sidebar.html]
[htmldemo.net/mirora/mirora/blog-list-right-sidebar.html]
[htmldemo.net/mirora/mirora/blog-details-image.html]
[htmldemo.net/mirora/mirora/blog-details-audio.html]
[htmldemo.net/mirora/mirora/blog-details-video.html]
[htmldemo.net/mirora/mirora/blog-details-gallery.html]
[htmldemo.net/mirora/mirora/blog-details-right-sidebar.html]
[htmldemo.net/mirora/mirora/compare.html]
[htmldemo.net/mirora/mirora/my-account.html]
[htmldemo.net/mirora/mirora/404.html]
[htmldemo.net/mirora/mirora/faq.html]
[htmldemo.net/mirora/mirora/about.html]
[htmldemo.net/mirora/mirora/contact.html]
[htmldemo.net/mirora/mirora/assets/img/slider/slider1-mirora1-1920x634.jpg]
[htmldemo.net/mirora/mirora/assets/img/slider/slider2-mirora1-1920x634.jpg]
[htmldemo.net/mirora/mirora/assets/img/banner/img1-top-mirora1.jpg]
[htmldemo.net/mirora/mirora/assets/img/banner/img2-top-mirora1.jpg]
[htmldemo.net/mirora/mirora/assets/img/banner/img3-top-mirora1.jpg]
[htmldemo.net/mirora/mirora/assets/img/products/1-450x450.jpg]
[htmldemo.net/mirora/mirora/assets/img/products/2-450x450.jpg]
[htmldemo.net/mirora/mirora/assets/img/products/3-450x450.jpg]
[htmldemo.net/mirora/mirora/assets/img/products/3-3-450x450.jpg]
[htmldemo.net/mirora/mirora/assets/img/products/4-450x450.jpg]
[htmldemo.net/mirora/mirora/assets/img/products/4-4-450x450.jpg]
[htmldemo.net/mirora/mirora/assets/img/products/5-450x450.jpg]
[htmldemo.net/mirora/mirora/assets/img/products/5-5-450x450.jpg]
[htmldemo.net/mirora/mirora/assets/img/products/6-450x450.jpg]
[htmldemo.net/mirora/mirora/assets/img/products/6-6-450x450.jpg]
[htmldemo.net/mirora/mirora/assets/img/products/7-450x450.jpg]
[htmldemo.net/mirora/mirora/assets/img/products/7-7-450x450.jpg]
[htmldemo.net/mirora/mirora/assets/img/products/8-450x450.jpg]
[htmldemo.net/mirora/mirora/assets/img/products/8-8-450x450.jpg]
[htmldemo.net/mirora/mirora/assets/img/products/9-450x450.jpg]
[htmldemo.net/mirora/mirora/assets/img/products/9-9-450x450.jpg]
[htmldemo.net/mirora/mirora/assets/img/products/10-450x450.jpg]
[htmldemo.net/mirora/mirora/assets/img/products/10-10-450x450.jpg]
[htmldemo.net/mirora/mirora/assets/img/products/11-450x450.jpg]
[htmldemo.net/mirora/mirora/assets/img/products/11-11-450x450.jpg]
[htmldemo.net/mirora/mirora/assets/img/products/12-450x450.jpg]
[htmldemo.net/mirora/mirora/assets/img/products/12-12-450x450.jpg]
[htmldemo.net/mirora/mirora/assets/img/products/14-450x450.jpg]
[htmldemo.net/mirora/mirora/assets/img/products/14-14-450x450.jpg]
[htmldemo.net/mirora/mirora/assets/img/products/15-450x450.jpg]
[htmldemo.net/mirora/mirora/assets/img/products/15-15-450x450.jpg]
[htmldemo.net/mirora/mirora/assets/img/products/16-450x450.jpg]
[htmldemo.net/mirora/mirora/assets/img/products/16-16-450x450.jpg]
[htmldemo.net/mirora/mirora/assets/img/products/17-450x450.jpg]
[htmldemo.net/mirora/mirora/assets/img/products/17-17-450x450.jpg]
[htmldemo.net/mirora/mirora/assets/img/products/18-450x450.jpg]
[htmldemo.net/mirora/mirora/assets/img/products/18-18-450x450.jpg]
[htmldemo.net/mirora/mirora/assets/img/products/13-450x450.jpg]
[htmldemo.net/mirora/mirora/assets/img/products/13-13-450x450.jpg]
[htmldemo.net/mirora/mirora/assets/img/blog/post1-370x230.jpg]
[htmldemo.net/mirora/mirora/assets/img/blog/post2-370x230.jpg]
[htmldemo.net/mirora/mirora/assets/img/blog/post3-370x230.jpg]
[htmldemo.net/mirora/mirora/assets/img/blog/post4-370x230.jpg]
[htmldemo.net/mirora/mirora/assets/img/banner/img1-bottom-mirora1.jpg]
[htmldemo.net/mirora/mirora/assets/img/banner/img2-bottom-mirora1.jpg]
[htmldemo.net/mirora/mirora/assets/img/others/payment.png]
[htmldemo.net/mirora/mirora/assets/img/products/1-1-600x600.jpg]
[htmldemo.net/mirora/mirora/assets/img/products/2-600x600.jpg]
[htmldemo.net/mirora/mirora/assets/img/products/10-600x600.jpg]
[htmldemo.net/mirora/mirora/assets/img/products/11-600x600.jpg]
[htmldemo.net/mirora/mirora/assets/img/products/12-600x600.jpg]
[htmldemo.net/mirora/mirora/assets/img/products/13-600x600.jpg]
[htmldemo.net/mirora/mirora/assets/js/vendor/jquery.min.js]
[htmldemo.net/mirora/mirora/assets/js/plugins.js]
[htmldemo.net/mirora/mirora/assets/js/bootstrap.bundle.min.js]
[htmldemo.net/mirora/mirora/assets/js/ajax-mail.js]
[htmldemo.net/mirora/mirora/index.html]
[htmldemo.net/mirora/mirora/assets/css/bootstrap.css]
[htmldemo.net/mirora/mirora/assets/js/main.js]
[htmldemo.net/mirora/mirora/assets/fonts/fontawesome-webfont3e6e.eot]
[htmldemo.net/mirora/mirora/assets/fonts/fontawesome-webfontd41d.eot]
[htmldemo.net/mirora/mirora/assets/fonts/fontawesome-webfont3e6e.woff2]
[htmldemo.net/mirora/mirora/assets/fonts/fontawesome-webfont3e6e.woff]
[htmldemo.net/mirora/mirora/assets/fonts/fontawesome-webfont3e6e.ttf]
[htmldemo.net/mirora/mirora/assets/css/font-awesome.min.css]
[htmldemo.net/mirora/mirora/assets/fonts/fontawesome-webfont3e6e.svg]
[htmldemo.net/mirora/mirora/assets/fonts/ElegantIcons.eot]
[htmldemo.net/mirora/mirora/assets/fonts/ElegantIconsd41d.eot]
[htmldemo.net/mirora/mirora/assets/fonts/ElegantIcons.woff]
[htmldemo.net/mirora/mirora/assets/fonts/ElegantIcons.ttf]
[htmldemo.net/mirora/mirora/assets/css/elegent-icons.css]
[htmldemo.net/mirora/mirora/assets/css/plugins.css]
[htmldemo.net/mirora/mirora/assets/fonts/ElegantIcons.svg]
[htmldemo.net/mirora/mirora/assets/img/banner/img-middle-mirora3.jpg]
[htmldemo.net/mirora/mirora/assets/img/others/line2.png]
[htmldemo.net/mirora/mirora/assets/img/others/line_menu.png]
[htmldemo.net/mirora/mirora/assets/img/others/line.png]
[htmldemo.net/mirora/mirora/assets/img/others/line_title.png]
[htmldemo.net/mirora/mirora/assets/img/banner/img-middle-mirora1.jpg]
[htmldemo.net/mirora/mirora/assets/img/banner/img-middle-mirora4.jpg]
[htmldemo.net/mirora/mirora/assets/img/others/bkg_grid2.png]
[htmldemo.net/mirora/mirora/assets/img/others/bkg_grid1.png]
[htmldemo.net/mirora/mirora/assets/img/others/bkg_grid2_hover.png]
[htmldemo.net/mirora/mirora/assets/img/others/bkg_grid1_hover.png]
[htmldemo.net/mirora/mirora/assets/img/others/bkg_grid3.png]
[htmldemo.net/mirora/mirora/assets/img/others/bkg_grid3_hover.png]
[htmldemo.net/mirora/mirora/assets/img/others/bkg_grid4.png]
[htmldemo.net/mirora/mirora/assets/img/others/bkg_grid4_hover.png]
[htmldemo.net/mirora/mirora/assets/img/others/bkg_grid5.png]
[htmldemo.net/mirora/mirora/assets/img/others/bkg_grid5_hover.png]
[htmldemo.net/mirora/mirora/assets/img/others/bkg_list.png]
[htmldemo.net/mirora/mirora/assets/img/others/bkg_list_hover.png]
[htmldemo.net/mirora/mirora/assets/css/main.css]
[htmldemo.net/mirora/mirora/login-register.html]
[htmldemo.net/mirora/mirora/wishlist.html]
[htmldemo.net/mirora/mirora/assets/img/products/3-900x900.jpg]
[htmldemo.net/mirora/mirora/assets/img/products/4-900x900.jpg]
[htmldemo.net/mirora/mirora/assets/img/products/5-900x900.jpg]
[htmldemo.net/mirora/mirora/assets/img/products/6-900x900.jpg]
[htmldemo.net/mirora/mirora/assets/img/products/10-900x900.jpg]
[htmldemo.net/mirora/mirora/product-details.html]
[htmldemo.net/mirora/mirora/cart.html]
[htmldemo.net/mirora/mirora/assets/img/others/AM_mc_vs_ms_ae_UK.png]
[htmldemo.net/mirora/mirora/checkout.html]
[htmldemo.net/mirora/mirora/assets/img/slider/slider1-mirora2-1920x634.jpg]
[htmldemo.net/mirora/mirora/assets/img/slider/slider3-mirora2-1920x634.jpg]
[htmldemo.net/mirora/mirora/assets/img/banner/img1-top-mirora2.jpg]
[htmldemo.net/mirora/mirora/assets/img/banner/img2-top-mirora2.jpg]
[htmldemo.net/mirora/mirora/index-2.html]
[htmldemo.net/mirora/mirora/assets/img/slider/slider1-mirora3-1620x909.jpg]
[htmldemo.net/mirora/mirora/assets/img/slider/slider3-mirora3-1620x909.jpg]
[htmldemo.net/mirora/mirora/index-3.html]
[htmldemo.net/mirora/mirora/assets/img/slider/img1-static-slider.jpg]
[htmldemo.net/mirora/mirora/assets/img/slider/img2-static-slider.jpg]
[htmldemo.net/mirora/mirora/assets/img/slider/img3-static-slider.jpg]
[htmldemo.net/mirora/mirora/assets/img/products/diamonds/1-450x450.jpg]
[htmldemo.net/mirora/mirora/assets/img/products/diamonds/2-450x450.jpg]
[htmldemo.net/mirora/mirora/assets/img/products/diamonds/3-450x450.jpg]
[htmldemo.net/mirora/mirora/assets/img/products/diamonds/4-450x450.jpg]
[htmldemo.net/mirora/mirora/assets/img/products/diamonds/5-450x450.jpg]
[htmldemo.net/mirora/mirora/assets/img/products/diamonds/6-450x450.jpg]
[htmldemo.net/mirora/mirora/assets/img/products/diamonds/7-450x450.jpg]
[htmldemo.net/mirora/mirora/assets/img/products/diamonds/8-450x450.jpg]
[htmldemo.net/mirora/mirora/assets/img/products/diamonds/9-450x450.jpg]
[htmldemo.net/mirora/mirora/assets/img/products/diamonds/10-450x450.jpg]
[htmldemo.net/mirora/mirora/assets/img/products/diamonds/11-450x450.jpg]
[htmldemo.net/mirora/mirora/assets/img/products/diamonds/12-450x450.jpg]
[htmldemo.net/mirora/mirora/assets/img/products/diamonds/13-450x450.jpg]
[htmldemo.net/mirora/mirora/assets/img/products/diamonds/14-450x450.jpg]
[htmldemo.net/mirora/mirora/assets/img/products/diamonds/15-450x450.jpg]
[htmldemo.net/mirora/mirora/assets/img/products/diamonds/16-450x450.jpg]
[htmldemo.net/mirora/mirora/index-4.html]
[htmldemo.net/mirora/mirora/assets/img/banner/img-sidebar.jpg]
[htmldemo.net/mirora/mirora/shop.html]
[htmldemo.net/mirora/mirora/shop-right-sidebar.html]
[htmldemo.net/mirora/mirora/shop-fullwidth.html]
[htmldemo.net/mirora/mirora/shop-fullwidth-4-column.html]
[htmldemo.net/mirora/mirora/shop-list-left-sidebar.html]
[htmldemo.net/mirora/mirora/shop-list-right-sidebar.html]
[htmldemo.net/mirora/mirora/shop-list.html]
[htmldemo.net/mirora/mirora/product-details-variable.html]
[htmldemo.net/mirora/mirora/product-details-group.html]
[htmldemo.net/mirora/mirora/product-details-affiliate.html]
[htmldemo.net/mirora/mirora/product-details-tab-style-2.html]
[htmldemo.net/mirora/mirora/product-details-tab-style-3.html]
[htmldemo.net/mirora/mirora/product-details-sticky-left.html]
[htmldemo.net/mirora/mirora/product-details-sticky-right.html]
[htmldemo.net/mirora/mirora/product-details-gallery-left.html]
[htmldemo.net/mirora/mirora/product-details-gallery-right.html]
[htmldemo.net/mirora/mirora/product-details-slider-box.html]
[htmldemo.net/mirora/mirora/product-details-slider-full-width.html]
[htmldemo.net/mirora/mirora/assets/img/blog/blog1.jpg]
[htmldemo.net/mirora/mirora/assets/img/blog/blog2-1024x613.jpg]
[htmldemo.net/mirora/mirora/assets/img/blog/blog3.jpg]
[htmldemo.net/mirora/mirora/assets/img/blog/blog5.jpg]
[htmldemo.net/mirora/mirora/assets/img/blog/blog4-1024x613.jpg]
[htmldemo.net/mirora/mirora/single-blog.html]
[htmldemo.net/mirora/mirora/assets/img/others/comment-icon.png]
[htmldemo.net/mirora/mirora/blog.html]
[htmldemo.net/mirora/mirora/blog-right-sidebar.html]
[htmldemo.net/mirora/mirora/assets/img/blog/blog7.jpg]
[htmldemo.net/mirora/mirora/blog-3-column.html]
[htmldemo.net/mirora/mirora/blog-4-column.html]
[htmldemo.net/mirora/mirora/blog-list.html]
[htmldemo.net/mirora/mirora/blog-list-left-sidebar.html]
[htmldemo.net/mirora/mirora/blog-list-right-sidebar.html]
[htmldemo.net/mirora/mirora/pinterest.com]
[htmldemo.net/mirora/mirora/google.plus.com]
[htmldemo.net/mirora/mirora/linkedin.com]
[htmldemo.net/mirora/mirora/single-portfolio.html]
[htmldemo.net/mirora/mirora/assets/img/others/comment-1.jpg]
[htmldemo.net/mirora/mirora/assets/img/others/comment-2.jpg]
[htmldemo.net/mirora/mirora/assets/img/others/comment-3.jpg]
[htmldemo.net/mirora/mirora/blog-details-image.html]
[htmldemo.net/mirora/mirora/blog-details-audio.html]
[htmldemo.net/mirora/mirora/blog-details-video.html]
[htmldemo.net/mirora/mirora/blog-details-gallery.html]
[htmldemo.net/mirora/mirora/blog-details-right-sidebar.html]
[htmldemo.net/mirora/mirora/compare.html]
[htmldemo.net/mirora/mirora/login.html]
[htmldemo.net/mirora/mirora/my-account.html]
[htmldemo.net/mirora/mirora/404.html]
[htmldemo.net/mirora/mirora/faq.html]
[htmldemo.net/mirora/mirora/assets/img/about/about-us-img1.jpg]
[htmldemo.net/mirora/mirora/portfolio.html]
[htmldemo.net/mirora/mirora/assets/img/icons/about-us-icon1.png]
[htmldemo.net/mirora/mirora/assets/img/icons/about-us-icon2.png]
[htmldemo.net/mirora/mirora/assets/img/icons/about-us-icon3.png]
[htmldemo.net/mirora/mirora/assets/img/icons/about-us-icon4.png]
[htmldemo.net/mirora/mirora/assets/img/about/about-us-img2.jpg]
[htmldemo.net/mirora/mirora/about.html]
[htmldemo.net/mirora/mirora/contact.html]
[htmldemo.net/mirora/mirora/assets/fonts/fontawesome-webfont3e6e.svg]
[htmldemo.net/mirora/mirora/assets/fonts/ElegantIcons.svg]
[htmldemo.net/mirora/mirora/single-blog.html]
[htmldemo.net/mirora/mirora/pinterest.html]
[htmldemo.net/mirora/mirora/google.plus.html]
[htmldemo.net/mirora/mirora/linkedin.html]
[htmldemo.net/mirora/mirora/single-portfolio.html]
[htmldemo.net/mirora/mirora/login.html]
[htmldemo.net/mirora/mirora/portfolio.html]
